// Jest Snapshot v1, https://goo.gl/fbAQLP

exports[`Header should render Header correctly 1`] = `
<header>
  <h1>
    Expensify
  </h1>
  <p>
    <NavLink
      activeClassName="is-active"
      aria-current="page"
      exact={true}
      to="/dashboard"
    >
      Dashboard
    </NavLink>
  </p>
  <p>
    <NavLink
      activeClassName="is-active"
      aria-current="page"
      to="/create"
    >
      Create Expenses
    </NavLink>
  </p>
  <p>
    <button
      onClick={[Function]}
    >
      Logout
    </button>
  </p>
</header>
`;
