// Jest Snapshot v1, https://goo.gl/fbAQLP

exports[`LoadingPage should correctly render LoadingPage 1`] = `
<div
  className="loader"
>
  <img
    className="loader__image"
    src="test-file-stub"
  />
</div>
`;
