// Jest Snapshot v1, https://goo.gl/fbAQLP

exports[`LoginPage should render LoginPage correctly 1`] = `
<div
  className="box-layout"
>
  <div
    className="box-layout__box"
  >
    <h1
      className="box-layout__title"
    >
      Expensify
    </h1>
    <p>
      It's time to get your expenses under control.
    </p>
    <div>
      <button
        className="box-layout__button button"
      >
        <img
          className="box-layout__icon"
          src="test-file-stub"
          width="32"
        />
        Login with Google
      </button>
    </div>
  </div>
</div>
`;
